0 verbose cli /Users/mauro/.nvm/versions/node/v24.15.0/bin/node /Users/mauro/.nvm/versions/node/v24.15.0/lib/node_modules/npm/bin/npm-cli.js
1 info using npm@11.12.1
2 info using node@v24.15.0
3 silly config load:file:/Users/mauro/.nvm/versions/node/v24.15.0/lib/node_modules/npm/npmrc
4 silly config load:file:/Users/mauro/Dev/vivera-site/.npmrc
5 silly config load:file:/Users/mauro/Dev/vivera-site/5/.npmrc
6 silly config load:file:/Users/mauro/.nvm/versions/node/v24.15.0/etc/npmrc
7 verbose title npm exec wp-env run cli wp option update page_on_front 5
8 verbose argv "exec" "--" "wp-env" "run" "cli" "wp" "option" "update" "page_on_front" "5"
9 verbose logfile logs-max:10 dir:/Users/mauro/Dev/vivera-site/5/.npm/_logs/2026-08-06T23_18_27_145Z-
10 verbose logfile /Users/mauro/Dev/vivera-site/5/.npm/_logs/2026-08-06T23_18_27_145Z-debug-0.log
11 silly logfile done cleaning log files
12 http fetch GET 200 https://registry.npmjs.org/npm 126ms
13 verbose cwd /Users/mauro/Dev/vivera-site
14 verbose os Darwin 25.5.0
15 verbose node v24.15.0
16 verbose npm  v11.12.1
17 notice
17 notice New major version of npm available! 11.12.1 -> 12.0.2
17 notice Changelog: https://github.com/npm/cli/releases/tag/v12.0.2
17 notice To update run: npm install -g npm@12.0.2
17 notice  { force: true, Symbol(proc-log.meta): true }
18 verbose exit 1
19 verbose code 1
